Release 14.7 - xst P.20131013 (nt64)
Copyright (c) 1995-2013 Xilinx, Inc.  All rights reserved.
--> Parameter TMPDIR set to xst/projnav.tmp


Total REAL time to Xst completion: 0.00 secs
Total CPU time to Xst completion: 0.31 secs
 
--> Parameter xsthdpdir set to xst


Total REAL time to Xst completion: 0.00 secs
Total CPU time to Xst completion: 0.31 secs
 
--> Reading design: ScoreBoard.prj

TABLE OF CONTENTS
  1) Synthesis Options Summary
  2) HDL Parsing
  3) HDL Elaboration
  4) HDL Synthesis
       4.1) HDL Synthesis Report
  5) Advanced HDL Synthesis
       5.1) Advanced HDL Synthesis Report
  6) Low Level Synthesis
  7) Partition Report
  8) Design Summary
       8.1) Primitive and Black Box Usage
       8.2) Device utilization summary
       8.3) Partition Resource Summary
       8.4) Timing Report
            8.4.1) Clock Information
            8.4.2) Asynchronous Control Signals Information
            8.4.3) Timing Summary
            8.4.4) Timing Details
            8.4.5) Cross Clock Domains Report


=========================================================================
*                      Synthesis Options Summary                        *
=========================================================================
---- Source Parameters
Input File Name                    : "ScoreBoard.prj"
Ignore Synthesis Constraint File   : NO

---- Target Parameters
Output File Name                   : "ScoreBoard"
Output Format                      : NGC
Target Device                      : xc7k160t-1-ffg676

---- Source Options
Top Module Name                    : ScoreBoard
Automatic FSM Extraction           : YES
FSM Encoding Algorithm             : Auto
Safe Implementation                : No
FSM Style                          : LUT
RAM Extraction                     : Yes
RAM Style                          : Auto
ROM Extraction                     : Yes
Shift Register Extraction          : YES
ROM Style                          : Auto
Resource Sharing                   : YES
Asynchronous To Synchronous        : NO
Shift Register Minimum Size        : 2
Use DSP Block                      : Auto
Automatic Register Balancing       : No

---- Target Options
LUT Combining                      : Auto
Reduce Control Sets                : Auto
Add IO Buffers                     : YES
Global Maximum Fanout              : 100000
Add Generic Clock Buffer(BUFG)     : 32
Register Duplication               : YES
Optimize Instantiated Primitives   : NO
Use Clock Enable                   : Auto
Use Synchronous Set                : Auto
Use Synchronous Reset              : Auto
Pack IO Registers into IOBs        : Auto
Equivalent register Removal        : YES

---- General Options
Optimization Goal                  : Speed
Optimization Effort                : 1
Power Reduction                    : NO
Keep Hierarchy                     : No
Netlist Hierarchy                  : As_Optimized
RTL Output                         : Yes
Global Optimization                : AllClockNets
Read Cores                         : YES
Write Timing Constraints           : NO
Cross Clock Analysis               : NO
Hierarchy Separator                : /
Bus Delimiter                      : <>
Case Specifier                     : Maintain
Slice Utilization Ratio            : 100
BRAM Utilization Ratio             : 100
DSP48 Utilization Ratio            : 100
Auto BRAM Packing                  : NO
Slice Utilization Ratio Delta      : 5

=========================================================================


=========================================================================
*                          HDL Parsing                                  *
=========================================================================
Analyzing Verilog file "G:\Digital_Logic_Design\SaltyfishXuan\Lab7\ScoreBoard\pbdebounce.v" into library work
Parsing module <pbdebounce>.
Analyzing Verilog file "G:\Digital_Logic_Design\SaltyfishXuan\Lab7\ScoreBoard\MyMC14495.vf" into library work
Parsing module <MyMC14495>.
Analyzing Verilog file "G:\Digital_Logic_Design\SaltyfishXuan\Lab7\ScoreBoard\Mux4to1b4.vf" into library work
Parsing module <Mux4to1b4>.
Analyzing Verilog file "G:\Digital_Logic_Design\SaltyfishXuan\Lab7\ScoreBoard\Mux4to1.vf" into library work
Parsing module <Mux4to1>.
Analyzing Verilog file "G:\Digital_Logic_Design\SaltyfishXuan\Lab7\ScoreBoard\CreateNumber.v" into library work
Parsing module <CreateNumber>.
Analyzing Verilog file "G:\Digital_Logic_Design\SaltyfishXuan\Lab7\ScoreBoard\clkdiv.v" into library work
Parsing module <clkdiv>.
Analyzing Verilog file "G:\Digital_Logic_Design\SaltyfishXuan\Lab7\ScoreBoard\ScoreBoard.vf" into library work
Parsing module <ScoreBoard>.

=========================================================================
*                            HDL Elaboration                            *
=========================================================================

Elaborating module <ScoreBoard>.

Elaborating module <clkdiv>.

Elaborating module <CreateNumber>.

Elaborating module <pbdebounce>.

Elaborating module <Mux4to1b4>.

Elaborating module <AND2>.

Elaborating module <INV>.

Elaborating module <OR4>.

Elaborating module <MyMC14495>.

Elaborating module <AND4>.

Elaborating module <AND3>.

Elaborating module <OR2>.

Elaborating module <OR3>.

Elaborating module <Mux4to1>.

Elaborating module <VCC>.

Elaborating module <GND>.

Elaborating module <BUF>.

=========================================================================
*                           HDL Synthesis                               *
=========================================================================

Synthesizing Unit <ScoreBoard>.
    Related source file is "G:\Digital_Logic_Design\SaltyfishXuan\Lab7\ScoreBoard\ScoreBoard.vf".
    Summary:
	no macro.
Unit <ScoreBoard> synthesized.

Synthesizing Unit <clkdiv>.
    Related source file is "G:\Digital_Logic_Design\SaltyfishXuan\Lab7\ScoreBoard\clkdiv.v".
    Found 32-bit register for signal <clkdiv>.
    Found 32-bit adder for signal <clkdiv[31]_GND_2_o_add_0_OUT> created at line 28.
    Summary:
	inferred   1 Adder/Subtractor(s).
	inferred  32 D-type flip-flop(s).
Unit <clkdiv> synthesized.

Synthesizing Unit <CreateNumber>.
    Related source file is "G:\Digital_Logic_Design\SaltyfishXuan\Lab7\ScoreBoard\CreateNumber.v".
    Found 1-bit register for signal <num<2>>.
    Found 1-bit register for signal <num<1>>.
    Found 1-bit register for signal <num<0>>.
    Found 1-bit register for signal <num<7>>.
    Found 1-bit register for signal <num<6>>.
    Found 1-bit register for signal <num<5>>.
    Found 1-bit register for signal <num<4>>.
    Found 1-bit register for signal <num<11>>.
    Found 1-bit register for signal <num<10>>.
    Found 1-bit register for signal <num<9>>.
    Found 1-bit register for signal <num<8>>.
    Found 1-bit register for signal <num<15>>.
    Found 1-bit register for signal <num<14>>.
    Found 1-bit register for signal <num<13>>.
    Found 1-bit register for signal <num<12>>.
    Found 1-bit register for signal <num<3>>.
    Found 4-bit adder for signal <A> created at line 32.
    Found 4-bit adder for signal <B> created at line 33.
    Found 4-bit adder for signal <C> created at line 34.
    Found 4-bit adder for signal <D> created at line 35.
    Summary:
	inferred   4 Adder/Subtractor(s).
	inferred  16 D-type flip-flop(s).
Unit <CreateNumber> synthesized.

Synthesizing Unit <pbdebounce>.
    Related source file is "G:\Digital_Logic_Design\SaltyfishXuan\Lab7\ScoreBoard\pbdebounce.v".
    Found 1-bit register for signal <pbreg>.
    Found 7-bit register for signal <pbshift<6:0>>.
    Summary:
	inferred   8 D-type flip-flop(s).
Unit <pbdebounce> synthesized.

Synthesizing Unit <Mux4to1b4>.
    Related source file is "G:\Digital_Logic_Design\SaltyfishXuan\Lab7\ScoreBoard\Mux4to1b4.vf".
    Summary:
	no macro.
Unit <Mux4to1b4> synthesized.

Synthesizing Unit <MyMC14495>.
    Related source file is "G:\Digital_Logic_Design\SaltyfishXuan\Lab7\ScoreBoard\MyMC14495.vf".
    Summary:
	no macro.
Unit <MyMC14495> synthesized.

Synthesizing Unit <Mux4to1>.
    Related source file is "G:\Digital_Logic_Design\SaltyfishXuan\Lab7\ScoreBoard\Mux4to1.vf".
    Summary:
	no macro.
Unit <Mux4to1> synthesized.

=========================================================================
HDL Synthesis Report

Macro Statistics
# Adders/Subtractors                                   : 5
 32-bit adder                                          : 1
 4-bit adder                                           : 4
# Registers                                            : 13
 1-bit register                                        : 4
 32-bit register                                       : 1
 4-bit register                                        : 4
 7-bit register                                        : 4

=========================================================================

=========================================================================
*                       Advanced HDL Synthesis                          *
=========================================================================


Synthesizing (advanced) Unit <CreateNumber>.
The following registers are absorbed into counter <num<3:0>>: 1 register on signal <num<3:0>>.
The following registers are absorbed into counter <num<8>_num<9>_num<10>_num<11>>: 1 register on signal <num<8>_num<9>_num<10>_num<11>>.
The following registers are absorbed into counter <num<4>_num<5>_num<6>_num<7>>: 1 register on signal <num<4>_num<5>_num<6>_num<7>>.
The following registers are absorbed into counter <num<12>_num<13>_num<14>_num<15>>: 1 register on signal <num<12>_num<13>_num<14>_num<15>>.
Unit <CreateNumber> synthesized (advanced).

Synthesizing (advanced) Unit <clkdiv>.
The following registers are absorbed into counter <clkdiv>: 1 register on signal <clkdiv>.
Unit <clkdiv> synthesized (advanced).

=========================================================================
Advanced HDL Synthesis Report

Macro Statistics
# Counters                                             : 5
 32-bit up counter                                     : 1
 4-bit up counter                                      : 4
# Registers                                            : 32
 Flip-Flops                                            : 32

=========================================================================

=========================================================================
*                         Low Level Synthesis                           *
=========================================================================
WARNING:Xst:2677 - Node <XLXI_1/clkdiv_19> of sequential type is unconnected in block <ScoreBoard>.
WARNING:Xst:2677 - Node <XLXI_1/clkdiv_20> of sequential type is unconnected in block <ScoreBoard>.
WARNING:Xst:2677 - Node <XLXI_1/clkdiv_21> of sequential type is unconnected in block <ScoreBoard>.
WARNING:Xst:2677 - Node <XLXI_1/clkdiv_22> of sequential type is unconnected in block <ScoreBoard>.
WARNING:Xst:2677 - Node <XLXI_1/clkdiv_23> of sequential type is unconnected in block <ScoreBoard>.
WARNING:Xst:2677 - Node <XLXI_1/clkdiv_24> of sequential type is unconnected in block <ScoreBoard>.
WARNING:Xst:2677 - Node <XLXI_1/clkdiv_25> of sequential type is unconnected in block <ScoreBoard>.
WARNING:Xst:2677 - Node <XLXI_1/clkdiv_26> of sequential type is unconnected in block <ScoreBoard>.
WARNING:Xst:2677 - Node <XLXI_1/clkdiv_27> of sequential type is unconnected in block <ScoreBoard>.
WARNING:Xst:2677 - Node <XLXI_1/clkdiv_28> of sequential type is unconnected in block <ScoreBoard>.
WARNING:Xst:2677 - Node <XLXI_1/clkdiv_29> of sequential type is unconnected in block <ScoreBoard>.
WARNING:Xst:2677 - Node <XLXI_1/clkdiv_30> of sequential type is unconnected in block <ScoreBoard>.
WARNING:Xst:2677 - Node <XLXI_1/clkdiv_31> of sequential type is unconnected in block <ScoreBoard>.

Optimizing unit <ScoreBoard> ...

Optimizing unit <Mux4to1> ...

Optimizing unit <Mux4to1b4> ...

Optimizing unit <MyMC14495> ...

Optimizing unit <CreateNumber> ...

Optimizing unit <pbdebounce> ...

Mapping all equations...
Building and optimizing final netlist ...
Found area constraint ratio of 100 (+ 5) on block ScoreBoard, actual ratio is 0.

Final Macro Processing ...

=========================================================================
Final Register Report

Macro Statistics
# Registers                                            : 67
 Flip-Flops                                            : 67

=========================================================================

=========================================================================
*                           Partition Report                            *
=========================================================================

Partition Implementation Status
-------------------------------

  No Partitions were found in this design.

-------------------------------

=========================================================================
*                            Design Summary                             *
=========================================================================

Top Level Output File Name         : ScoreBoard.ngc

Primitive and Black Box Usage:
------------------------------
# BELS                             : 209
#      AND2                        : 57
#      AND3                        : 11
#      AND4                        : 9
#      BUF                         : 1
#      GND                         : 1
#      INV                         : 18
#      LUT1                        : 18
#      LUT2                        : 4
#      LUT3                        : 8
#      LUT4                        : 8
#      LUT5                        : 4
#      LUT6                        : 4
#      MUXCY                       : 18
#      MUXF7                       : 4
#      OR2                         : 7
#      OR3                         : 3
#      OR4                         : 14
#      VCC                         : 1
#      XORCY                       : 19
# FlipFlops/Latches                : 67
#      FD                          : 48
#      FDC                         : 19
# Clock Buffers                    : 2
#      BUFG                        : 1
#      BUFGP                       : 1
# IO Buffers                       : 27
#      IBUF                        : 14
#      OBUF                        : 13

Device utilization summary:
---------------------------

Selected Device : 7k160tffg676-1 


Slice Logic Utilization: 
 Number of Slice Registers:              67  out of  202800     0%  
 Number of Slice LUTs:                   64  out of  101400     0%  
    Number used as Logic:                64  out of  101400     0%  

Slice Logic Distribution: 
 Number of LUT Flip Flop pairs used:     86
   Number with an unused Flip Flop:      19  out of     86    22%  
   Number with an unused LUT:            22  out of     86    25%  
   Number of fully used LUT-FF pairs:    45  out of     86    52%  
   Number of unique control sets:         6

IO Utilization: 
 Number of IOs:                          28
 Number of bonded IOBs:                  28  out of    400     7%  

Specific Feature Utilization:
 Number of BUFG/BUFGCTRLs:                2  out of     32     6%  

---------------------------
Partition Resource Summary:
---------------------------

  No Partitions were found in this design.

---------------------------


=========================================================================
Timing Report

NOTE: THESE TIMING NUMBERS ARE ONLY A SYNTHESIS ESTIMATE.
      FOR ACCURATE TIMING INFORMATION PLEASE REFER TO THE TRACE REPORT
      GENERATED AFTER PLACE-and-ROUTE.

Clock Information:
------------------
-----------------------------------+-----------------------------------------------+-------+
Clock Signal                       | Clock buffer(FF name)                         | Load  |
-----------------------------------+-----------------------------------------------+-------+
clk_100mhz                         | BUFGP                                         | 19    |
XLXI_2/p1/pbreg                    | NONE(XLXI_2/num<4>_num<5>_num<6>_num<7>_0)    | 4     |
XLXI_2/p3/pbreg                    | NONE(XLXI_2/num<12>_num<13>_num<14>_num<15>_0)| 4     |
XLXI_2/p2/pbreg                    | NONE(XLXI_2/num<8>_num<9>_num<10>_num<11>_0)  | 4     |
XLXI_2/p0/pbreg                    | NONE(XLXI_2/num<3:0>_0)                       | 4     |
XLXI_1/clkdiv_17                   | BUFG                                          | 32    |
-----------------------------------+-----------------------------------------------+-------+
INFO:Xst:2169 - HDL ADVISOR - Some clock signals were not automatically buffered by XST with BUFG/BUFR resources. Please use the buffer_type constraint in order to insert these buffers to the clock signals to help prevent skew problems.

Asynchronous Control Signals Information:
----------------------------------------
No asynchronous control signals found in this design

Timing Summary:
---------------
Speed Grade: -1

   Minimum period: 1.637ns (Maximum Frequency: 610.874MHz)
   Minimum input arrival time before clock: 1.396ns
   Maximum output required time after clock: 7.241ns
   Maximum combinational path delay: 2.815ns

Timing Details:
---------------
All values displayed in nanoseconds (ns)

=========================================================================
Timing constraint: Default period analysis for Clock 'clk_100mhz'
  Clock period: 1.625ns (frequency: 615.385MHz)
  Total number of paths / destination ports: 190 / 19
-------------------------------------------------------------------------
Delay:               1.625ns (Levels of Logic = 20)
  Source:            XLXI_1/clkdiv_0 (FF)
  Destination:       XLXI_1/clkdiv_18 (FF)
  Source Clock:      clk_100mhz rising
  Destination Clock: clk_100mhz rising

  Data Path: XLXI_1/clkdiv_0 to XLXI_1/clkdiv_18
                                Gate     Net
    Cell:in->out      fanout   Delay   Delay  Logical Name (Net Name)
    ----------------------------------------  ------------
     FDC:C->Q              1   0.282   0.399  XLXI_1/clkdiv_0 (XLXI_1/clkdiv_0)
     INV:I->O              1   0.067   0.000  XLXI_1/Mcount_clkdiv_lut<0>_INV_0 (XLXI_1/Mcount_clkdiv_lut<0>)
     MUXCY:S->O            1   0.291   0.000  XLXI_1/Mcount_clkdiv_cy<0> (XLXI_1/Mcount_clkdiv_cy<0>)
     MUXCY:CI->O           1   0.015   0.000  XLXI_1/Mcount_clkdiv_cy<1> (XLXI_1/Mcount_clkdiv_cy<1>)
     MUXCY:CI->O           1   0.015   0.000  XLXI_1/Mcount_clkdiv_cy<2> (XLXI_1/Mcount_clkdiv_cy<2>)
     MUXCY:CI->O           1   0.015   0.000  XLXI_1/Mcount_clkdiv_cy<3> (XLXI_1/Mcount_clkdiv_cy<3>)
     MUXCY:CI->O           1   0.015   0.000  XLXI_1/Mcount_clkdiv_cy<4> (XLXI_1/Mcount_clkdiv_cy<4>)
     MUXCY:CI->O           1   0.015   0.000  XLXI_1/Mcount_clkdiv_cy<5> (XLXI_1/Mcount_clkdiv_cy<5>)
     MUXCY:CI->O           1   0.015   0.000  XLXI_1/Mcount_clkdiv_cy<6> (XLXI_1/Mcount_clkdiv_cy<6>)
     MUXCY:CI->O           1   0.015   0.000  XLXI_1/Mcount_clkdiv_cy<7> (XLXI_1/Mcount_clkdiv_cy<7>)
     MUXCY:CI->O           1   0.015   0.000  XLXI_1/Mcount_clkdiv_cy<8> (XLXI_1/Mcount_clkdiv_cy<8>)
     MUXCY:CI->O           1   0.015   0.000  XLXI_1/Mcount_clkdiv_cy<9> (XLXI_1/Mcount_clkdiv_cy<9>)
     MUXCY:CI->O           1   0.015   0.000  XLXI_1/Mcount_clkdiv_cy<10> (XLXI_1/Mcount_clkdiv_cy<10>)
     MUXCY:CI->O           1   0.015   0.000  XLXI_1/Mcount_clkdiv_cy<11> (XLXI_1/Mcount_clkdiv_cy<11>)
     MUXCY:CI->O           1   0.015   0.000  XLXI_1/Mcount_clkdiv_cy<12> (XLXI_1/Mcount_clkdiv_cy<12>)
     MUXCY:CI->O           1   0.015   0.000  XLXI_1/Mcount_clkdiv_cy<13> (XLXI_1/Mcount_clkdiv_cy<13>)
     MUXCY:CI->O           1   0.015   0.000  XLXI_1/Mcount_clkdiv_cy<14> (XLXI_1/Mcount_clkdiv_cy<14>)
     MUXCY:CI->O           1   0.015   0.000  XLXI_1/Mcount_clkdiv_cy<15> (XLXI_1/Mcount_clkdiv_cy<15>)
     MUXCY:CI->O           1   0.015   0.000  XLXI_1/Mcount_clkdiv_cy<16> (XLXI_1/Mcount_clkdiv_cy<16>)
     MUXCY:CI->O           0   0.015   0.000  XLXI_1/Mcount_clkdiv_cy<17> (XLXI_1/Mcount_clkdiv_cy<17>)
     XORCY:CI->O           1   0.320   0.000  XLXI_1/Mcount_clkdiv_xor<18> (Result<18>)
     FDC:D                     0.011          XLXI_1/clkdiv_18
    ----------------------------------------
    Total                      1.625ns (1.226ns logic, 0.399ns route)
                                       (75.4% logic, 24.6% route)

=========================================================================
Timing constraint: Default period analysis for Clock 'XLXI_2/p1/pbreg'
  Clock period: 1.185ns (frequency: 843.882MHz)
  Total number of paths / destination ports: 10 / 4
-------------------------------------------------------------------------
Delay:               1.185ns (Levels of Logic = 1)
  Source:            XLXI_2/num<4>_num<5>_num<6>_num<7>_3 (FF)
  Destination:       XLXI_2/num<4>_num<5>_num<6>_num<7>_3 (FF)
  Source Clock:      XLXI_2/p1/pbreg rising
  Destination Clock: XLXI_2/p1/pbreg rising

  Data Path: XLXI_2/num<4>_num<5>_num<6>_num<7>_3 to XLXI_2/num<4>_num<5>_num<6>_num<7>_3
                                Gate     Net
    Cell:in->out      fanout   Delay   Delay  Logical Name (Net Name)
    ----------------------------------------  ------------
     FD:C->Q               5   0.282   0.426  XLXI_2/num<4>_num<5>_num<6>_num<7>_3 (XLXI_2/num<4>_num<5>_num<6>_num<7>_3)
     INV:I->O              1   0.067   0.399  XLXI_2/Mcount_num<4>_num<5>_num<6>_num<7>_xor<0>11_INV_0 (XLXI_2/Result<0>2)
     FD:D                      0.011          XLXI_2/num<4>_num<5>_num<6>_num<7>_3
    ----------------------------------------
    Total                      1.185ns (0.360ns logic, 0.825ns route)
                                       (30.4% logic, 69.6% route)

=========================================================================
Timing constraint: Default period analysis for Clock 'XLXI_2/p3/pbreg'
  Clock period: 1.185ns (frequency: 843.882MHz)
  Total number of paths / destination ports: 10 / 4
-------------------------------------------------------------------------
Delay:               1.185ns (Levels of Logic = 1)
  Source:            XLXI_2/num<12>_num<13>_num<14>_num<15>_3 (FF)
  Destination:       XLXI_2/num<12>_num<13>_num<14>_num<15>_3 (FF)
  Source Clock:      XLXI_2/p3/pbreg rising
  Destination Clock: XLXI_2/p3/pbreg rising

  Data Path: XLXI_2/num<12>_num<13>_num<14>_num<15>_3 to XLXI_2/num<12>_num<13>_num<14>_num<15>_3
                                Gate     Net
    Cell:in->out      fanout   Delay   Delay  Logical Name (Net Name)
    ----------------------------------------  ------------
     FD:C->Q               5   0.282   0.426  XLXI_2/num<12>_num<13>_num<14>_num<15>_3 (XLXI_2/num<12>_num<13>_num<14>_num<15>_3)
     INV:I->O              1   0.067   0.399  XLXI_2/Mcount_num<12>_num<13>_num<14>_num<15>_xor<0>11_INV_0 (XLXI_2/Result<0>3)
     FD:D                      0.011          XLXI_2/num<12>_num<13>_num<14>_num<15>_3
    ----------------------------------------
    Total                      1.185ns (0.360ns logic, 0.825ns route)
                                       (30.4% logic, 69.6% route)

=========================================================================
Timing constraint: Default period analysis for Clock 'XLXI_2/p2/pbreg'
  Clock period: 1.185ns (frequency: 843.882MHz)
  Total number of paths / destination ports: 10 / 4
-------------------------------------------------------------------------
Delay:               1.185ns (Levels of Logic = 1)
  Source:            XLXI_2/num<8>_num<9>_num<10>_num<11>_3 (FF)
  Destination:       XLXI_2/num<8>_num<9>_num<10>_num<11>_3 (FF)
  Source Clock:      XLXI_2/p2/pbreg rising
  Destination Clock: XLXI_2/p2/pbreg rising

  Data Path: XLXI_2/num<8>_num<9>_num<10>_num<11>_3 to XLXI_2/num<8>_num<9>_num<10>_num<11>_3
                                Gate     Net
    Cell:in->out      fanout   Delay   Delay  Logical Name (Net Name)
    ----------------------------------------  ------------
     FD:C->Q               5   0.282   0.426  XLXI_2/num<8>_num<9>_num<10>_num<11>_3 (XLXI_2/num<8>_num<9>_num<10>_num<11>_3)
     INV:I->O              1   0.067   0.399  XLXI_2/Mcount_num<8>_num<9>_num<10>_num<11>_xor<0>11_INV_0 (XLXI_2/Result<0>1)
     FD:D                      0.011          XLXI_2/num<8>_num<9>_num<10>_num<11>_3
    ----------------------------------------
    Total                      1.185ns (0.360ns logic, 0.825ns route)
                                       (30.4% logic, 69.6% route)

=========================================================================
Timing constraint: Default period analysis for Clock 'XLXI_2/p0/pbreg'
  Clock period: 1.185ns (frequency: 843.882MHz)
  Total number of paths / destination ports: 10 / 4
-------------------------------------------------------------------------
Delay:               1.185ns (Levels of Logic = 1)
  Source:            XLXI_2/num<3:0>_3 (FF)
  Destination:       XLXI_2/num<3:0>_3 (FF)
  Source Clock:      XLXI_2/p0/pbreg rising
  Destination Clock: XLXI_2/p0/pbreg rising

  Data Path: XLXI_2/num<3:0>_3 to XLXI_2/num<3:0>_3
                                Gate     Net
    Cell:in->out      fanout   Delay   Delay  Logical Name (Net Name)
    ----------------------------------------  ------------
     FD:C->Q               5   0.282   0.426  XLXI_2/num<3:0>_3 (XLXI_2/num<3:0>_3)
     INV:I->O              1   0.067   0.399  XLXI_2/Mcount_num<3:0>_xor<0>11_INV_0 (XLXI_2/Result<0>)
     FD:D                      0.011          XLXI_2/num<3:0>_3
    ----------------------------------------
    Total                      1.185ns (0.360ns logic, 0.825ns route)
                                       (30.4% logic, 69.6% route)

=========================================================================
Timing constraint: Default period analysis for Clock 'XLXI_1/clkdiv_17'
  Clock period: 1.637ns (frequency: 610.874MHz)
  Total number of paths / destination ports: 84 / 28
-------------------------------------------------------------------------
Delay:               1.637ns (Levels of Logic = 3)
  Source:            XLXI_2/p3/pbshift_6 (FF)
  Destination:       XLXI_2/p3/pbreg (FF)
  Source Clock:      XLXI_1/clkdiv_17 rising
  Destination Clock: XLXI_1/clkdiv_17 rising

  Data Path: XLXI_2/p3/pbshift_6 to XLXI_2/p3/pbreg
                                Gate     Net
    Cell:in->out      fanout   Delay   Delay  Logical Name (Net Name)
    ----------------------------------------  ------------
     FD:C->Q               2   0.282   0.608  XLXI_2/p3/pbshift_6 (XLXI_2/p3/pbshift_6)
     LUT4:I1->O            1   0.053   0.413  XLXI_2/p3/pbreg_glue_set_SW0 (N27)
     LUT5:I4->O            1   0.053   0.000  XLXI_2/p3/pbreg_rstpot_G (N36)
     MUXF7:I1->O           1   0.217   0.000  XLXI_2/p3/pbreg_rstpot (XLXI_2/p3/pbreg_rstpot)
     FD:D                      0.011          XLXI_2/p3/pbreg
    ----------------------------------------
    Total                      1.637ns (0.616ns logic, 1.021ns route)
                                       (37.6% logic, 62.4% route)

=========================================================================
Timing constraint: Default OFFSET IN BEFORE for Clock 'clk_100mhz'
  Total number of paths / destination ports: 19 / 19
-------------------------------------------------------------------------
Offset:              0.843ns (Levels of Logic = 1)
  Source:            RSTN (PAD)
  Destination:       XLXI_1/clkdiv_0 (FF)
  Destination Clock: clk_100mhz rising

  Data Path: RSTN to XLXI_1/clkdiv_0
                                Gate     Net
    Cell:in->out      fanout   Delay   Delay  Logical Name (Net Name)
    ----------------------------------------  ------------
     IBUF:I->O            19   0.000   0.518  RSTN_IBUF (RSTN_IBUF)
     FDC:CLR                   0.325          XLXI_1/clkdiv_0
    ----------------------------------------
    Total                      0.843ns (0.325ns logic, 0.518ns route)
                                       (38.6% logic, 61.4% route)

=========================================================================
Timing constraint: Default OFFSET IN BEFORE for Clock 'XLXI_1/clkdiv_17'
  Total number of paths / destination ports: 12 / 8
-------------------------------------------------------------------------
Offset:              1.396ns (Levels of Logic = 4)
  Source:            btn<3> (PAD)
  Destination:       XLXI_2/p3/pbreg (FF)
  Destination Clock: XLXI_1/clkdiv_17 rising

  Data Path: btn<3> to XLXI_2/p3/pbreg
                                Gate     Net
    Cell:in->out      fanout   Delay   Delay  Logical Name (Net Name)
    ----------------------------------------  ------------
     IBUF:I->O             3   0.000   0.649  btn_3_IBUF (btn_3_IBUF)
     LUT4:I0->O            1   0.053   0.413  XLXI_2/p3/pbreg_glue_set_SW0 (N27)
     LUT5:I4->O            1   0.053   0.000  XLXI_2/p3/pbreg_rstpot_G (N36)
     MUXF7:I1->O           1   0.217   0.000  XLXI_2/p3/pbreg_rstpot (XLXI_2/p3/pbreg_rstpot)
     FD:D                      0.011          XLXI_2/p3/pbreg
    ----------------------------------------
    Total                      1.396ns (0.334ns logic, 1.062ns route)
                                       (23.9% logic, 76.1% route)

=========================================================================
Timing constraint: Default OFFSET OUT AFTER for Clock 'clk_100mhz'
  Total number of paths / destination ports: 784 / 12
-------------------------------------------------------------------------
Offset:              7.241ns (Levels of Logic = 9)
  Source:            XLXI_1/clkdiv_17 (FF)
  Destination:       SEGMENT<5> (PAD)
  Source Clock:      clk_100mhz rising

  Data Path: XLXI_1/clkdiv_17 to SEGMENT<5>
                                Gate     Net
    Cell:in->out      fanout   Delay   Delay  Logical Name (Net Name)
    ----------------------------------------  ------------
     FDC:C->Q             13   0.282   0.479  XLXI_1/clkdiv_17 (XLXI_1/clkdiv_17)
     INV:I->O              2   0.393   0.731  XLXI_3/XLXI_6 (XLXI_3/ns0)
     AND2:I1->O            4   0.067   0.745  XLXI_3/XLXI_3 (XLXI_3/D2)
     AND2:I1->O            1   0.067   0.725  XLXI_3/XLXI_14 (XLXI_3/XLXN_22)
     OR4:I1->O            11   0.067   0.465  XLXI_3/XLXI_16 (o<1>)
     INV:I->O              8   0.393   0.771  XLXI_4/XLXI_12 (XLXI_4/ND1)
     AND4:I1->O            2   0.067   0.608  XLXI_4/AD18 (XLXI_4/XLXN_58)
     OR4:I3->O             1   0.190   0.725  XLXI_4/XLXI_38 (XLXI_4/XLXN_35)
     OR2:I1->O             1   0.067   0.399  XLXI_4/XLXI_7 (SEGMENT_5_OBUF)
     OBUF:I->O                 0.000          SEGMENT_5_OBUF (SEGMENT<5>)
    ----------------------------------------
    Total                      7.241ns (1.593ns logic, 5.648ns route)
                                       (22.0% logic, 78.0% route)

=========================================================================
Timing constraint: Default OFFSET OUT AFTER for Clock 'XLXI_2/p3/pbreg'
  Total number of paths / destination ports: 86 / 7
-------------------------------------------------------------------------
Offset:              5.571ns (Levels of Logic = 7)
  Source:            XLXI_2/num<12>_num<13>_num<14>_num<15>_3 (FF)
  Destination:       SEGMENT<3> (PAD)
  Source Clock:      XLXI_2/p3/pbreg rising

  Data Path: XLXI_2/num<12>_num<13>_num<14>_num<15>_3 to SEGMENT<3>
                                Gate     Net
    Cell:in->out      fanout   Delay   Delay  Logical Name (Net Name)
    ----------------------------------------  ------------
     FD:C->Q               5   0.282   0.766  XLXI_2/num<12>_num<13>_num<14>_num<15>_3 (XLXI_2/num<12>_num<13>_num<14>_num<15>_3)
     AND2:I0->O            1   0.053   0.739  XLXI_3/XLXI_10 (XLXI_3/XLXN_17)
     OR4:I0->O            12   0.053   0.471  XLXI_3/XLXI_11 (o<0>)
     INV:I->O              6   0.393   0.772  XLXI_4/XLXI_13 (XLXI_4/ND0)
     AND3:I0->O            2   0.053   0.731  XLXI_4/AD14 (XLXI_4/XLXN_63)
     OR4:I1->O             1   0.067   0.725  XLXI_4/XLXI_35 (XLXI_4/XLXN_31)
     OR2:I1->O             1   0.067   0.399  XLXI_4/XLXI_3 (SEGMENT_1_OBUF)
     OBUF:I->O                 0.000          SEGMENT_1_OBUF (SEGMENT<1>)
    ----------------------------------------
    Total                      5.571ns (0.968ns logic, 4.603ns route)
                                       (17.4% logic, 82.6% route)

=========================================================================
Timing constraint: Default OFFSET OUT AFTER for Clock 'XLXI_2/p2/pbreg'
  Total number of paths / destination ports: 86 / 7
-------------------------------------------------------------------------
Offset:              5.571ns (Levels of Logic = 7)
  Source:            XLXI_2/num<8>_num<9>_num<10>_num<11>_3 (FF)
  Destination:       SEGMENT<3> (PAD)
  Source Clock:      XLXI_2/p2/pbreg rising

  Data Path: XLXI_2/num<8>_num<9>_num<10>_num<11>_3 to SEGMENT<3>
                                Gate     Net
    Cell:in->out      fanout   Delay   Delay  Logical Name (Net Name)
    ----------------------------------------  ------------
     FD:C->Q               5   0.282   0.766  XLXI_2/num<8>_num<9>_num<10>_num<11>_3 (XLXI_2/num<8>_num<9>_num<10>_num<11>_3)
     AND2:I0->O            1   0.053   0.725  XLXI_3/XLXI_9 (XLXI_3/XLXN_16)
     OR4:I1->O            12   0.067   0.471  XLXI_3/XLXI_11 (o<0>)
     INV:I->O              6   0.393   0.772  XLXI_4/XLXI_13 (XLXI_4/ND0)
     AND3:I0->O            2   0.053   0.731  XLXI_4/AD14 (XLXI_4/XLXN_63)
     OR4:I1->O             1   0.067   0.725  XLXI_4/XLXI_35 (XLXI_4/XLXN_31)
     OR2:I1->O             1   0.067   0.399  XLXI_4/XLXI_3 (SEGMENT_1_OBUF)
     OBUF:I->O                 0.000          SEGMENT_1_OBUF (SEGMENT<1>)
    ----------------------------------------
    Total                      5.571ns (0.982ns logic, 4.589ns route)
                                       (17.6% logic, 82.4% route)

=========================================================================
Timing constraint: Default OFFSET OUT AFTER for Clock 'XLXI_2/p1/pbreg'
  Total number of paths / destination ports: 86 / 7
-------------------------------------------------------------------------
Offset:              5.571ns (Levels of Logic = 7)
  Source:            XLXI_2/num<4>_num<5>_num<6>_num<7>_3 (FF)
  Destination:       SEGMENT<3> (PAD)
  Source Clock:      XLXI_2/p1/pbreg rising

  Data Path: XLXI_2/num<4>_num<5>_num<6>_num<7>_3 to SEGMENT<3>
                                Gate     Net
    Cell:in->out      fanout   Delay   Delay  Logical Name (Net Name)
    ----------------------------------------  ------------
     FD:C->Q               5   0.282   0.766  XLXI_2/num<4>_num<5>_num<6>_num<7>_3 (XLXI_2/num<4>_num<5>_num<6>_num<7>_3)
     AND2:I0->O            1   0.053   0.635  XLXI_3/XLXI_8 (XLXI_3/XLXN_15)
     OR4:I2->O            12   0.157   0.471  XLXI_3/XLXI_11 (o<0>)
     INV:I->O              6   0.393   0.772  XLXI_4/XLXI_13 (XLXI_4/ND0)
     AND3:I0->O            2   0.053   0.731  XLXI_4/AD14 (XLXI_4/XLXN_63)
     OR4:I1->O             1   0.067   0.725  XLXI_4/XLXI_35 (XLXI_4/XLXN_31)
     OR2:I1->O             1   0.067   0.399  XLXI_4/XLXI_3 (SEGMENT_1_OBUF)
     OBUF:I->O                 0.000          SEGMENT_1_OBUF (SEGMENT<1>)
    ----------------------------------------
    Total                      5.571ns (1.072ns logic, 4.499ns route)
                                       (19.2% logic, 80.8% route)

=========================================================================
Timing constraint: Default OFFSET OUT AFTER for Clock 'XLXI_2/p0/pbreg'
  Total number of paths / destination ports: 86 / 7
-------------------------------------------------------------------------
Offset:              5.571ns (Levels of Logic = 7)
  Source:            XLXI_2/num<3:0>_3 (FF)
  Destination:       SEGMENT<3> (PAD)
  Source Clock:      XLXI_2/p0/pbreg rising

  Data Path: XLXI_2/num<3:0>_3 to SEGMENT<3>
                                Gate     Net
    Cell:in->out      fanout   Delay   Delay  Logical Name (Net Name)
    ----------------------------------------  ------------
     FD:C->Q               5   0.282   0.766  XLXI_2/num<3:0>_3 (XLXI_2/num<3:0>_3)
     AND2:I0->O            1   0.053   0.602  XLXI_3/XLXI_7 (XLXI_3/XLXN_14)
     OR4:I3->O            12   0.190   0.471  XLXI_3/XLXI_11 (o<0>)
     INV:I->O              6   0.393   0.772  XLXI_4/XLXI_13 (XLXI_4/ND0)
     AND3:I0->O            2   0.053   0.731  XLXI_4/AD14 (XLXI_4/XLXN_63)
     OR4:I1->O             1   0.067   0.725  XLXI_4/XLXI_35 (XLXI_4/XLXN_31)
     OR2:I1->O             1   0.067   0.399  XLXI_4/XLXI_3 (SEGMENT_1_OBUF)
     OBUF:I->O                 0.000          SEGMENT_1_OBUF (SEGMENT<1>)
    ----------------------------------------
    Total                      5.571ns (1.105ns logic, 4.466ns route)
                                       (19.8% logic, 80.2% route)

=========================================================================
Timing constraint: Default path analysis
  Total number of paths / destination ports: 33 / 9
-------------------------------------------------------------------------
Delay:               2.815ns (Levels of Logic = 5)
  Source:            SW<3> (PAD)
  Destination:       SEGMENT<6> (PAD)

  Data Path: SW<3> to SEGMENT<6>
                                Gate     Net
    Cell:in->out      fanout   Delay   Delay  Logical Name (Net Name)
    ----------------------------------------  ------------
     IBUF:I->O             1   0.000   0.739  SW_3_IBUF (SW_3_IBUF)
     AND2:I0->O            1   0.053   0.739  XLXI_5/XLXI_10 (XLXI_5/XLXN_13)
     OR4:I0->O             7   0.053   0.779  XLXI_5/XLXI_11 (XLXN_46)
     OR2:I0->O             1   0.053   0.399  XLXI_4/XLXI_2 (SEGMENT_0_OBUF)
     OBUF:I->O                 0.000          SEGMENT_0_OBUF (SEGMENT<0>)
    ----------------------------------------
    Total                      2.815ns (0.159ns logic, 2.656ns route)
                                       (5.6% logic, 94.4% route)

=========================================================================

Cross Clock Domains Report:
--------------------------

Clock to Setup on destination clock XLXI_1/clkdiv_17
----------------+---------+---------+---------+---------+
                | Src:Rise| Src:Fall| Src:Rise| Src:Fall|
Source Clock    |Dest:Rise|Dest:Rise|Dest:Fall|Dest:Fall|
----------------+---------+---------+---------+---------+
XLXI_1/clkdiv_17|    1.637|         |         |         |
----------------+---------+---------+---------+---------+

Clock to Setup on destination clock XLXI_2/p0/pbreg
---------------+---------+---------+---------+---------+
               | Src:Rise| Src:Fall| Src:Rise| Src:Fall|
Source Clock   |Dest:Rise|Dest:Rise|Dest:Fall|Dest:Fall|
---------------+---------+---------+---------+---------+
XLXI_2/p0/pbreg|    1.185|         |         |         |
---------------+---------+---------+---------+---------+

Clock to Setup on destination clock XLXI_2/p1/pbreg
---------------+---------+---------+---------+---------+
               | Src:Rise| Src:Fall| Src:Rise| Src:Fall|
Source Clock   |Dest:Rise|Dest:Rise|Dest:Fall|Dest:Fall|
---------------+---------+---------+---------+---------+
XLXI_2/p1/pbreg|    1.185|         |         |         |
---------------+---------+---------+---------+---------+

Clock to Setup on destination clock XLXI_2/p2/pbreg
---------------+---------+---------+---------+---------+
               | Src:Rise| Src:Fall| Src:Rise| Src:Fall|
Source Clock   |Dest:Rise|Dest:Rise|Dest:Fall|Dest:Fall|
---------------+---------+---------+---------+---------+
XLXI_2/p2/pbreg|    1.185|         |         |         |
---------------+---------+---------+---------+---------+

Clock to Setup on destination clock XLXI_2/p3/pbreg
---------------+---------+---------+---------+---------+
               | Src:Rise| Src:Fall| Src:Rise| Src:Fall|
Source Clock   |Dest:Rise|Dest:Rise|Dest:Fall|Dest:Fall|
---------------+---------+---------+---------+---------+
XLXI_2/p3/pbreg|    1.185|         |         |         |
---------------+---------+---------+---------+---------+

Clock to Setup on destination clock clk_100mhz
---------------+---------+---------+---------+---------+
               | Src:Rise| Src:Fall| Src:Rise| Src:Fall|
Source Clock   |Dest:Rise|Dest:Rise|Dest:Fall|Dest:Fall|
---------------+---------+---------+---------+---------+
clk_100mhz     |    1.625|         |         |         |
---------------+---------+---------+---------+---------+

=========================================================================


Total REAL time to Xst completion: 11.00 secs
Total CPU time to Xst completion: 10.82 secs
 
--> 

Total memory usage is 4640600 kilobytes

Number of errors   :    0 (   0 filtered)
Number of warnings :   13 (   0 filtered)
Number of infos    :    1 (   0 filtered)

